// Jest Snapshot v1, https://goo.gl/fbAQLP

exports[`Snapshot: Example HourlyReport 1`] = `""`;
