// Jest Snapshot v1, https://goo.gl/fbAQLP

exports[`Snapshot: Example WeatherCard 1`] = `""`;
